// Jest Snapshot v1, https://goo.gl/fbAQLP

exports[`Modal is rendering matches snapshot 1`] = `
<DocumentFragment>
  <div
    class="modalBackdrop"
  >
    <div
      class="modalContainer"
    >
      <h3
        class="modalTitle"
        data-testid="modal-title"
      >
        picture
      </h3>
      <img
        alt="meow"
        class="img-thumbnail mx-1"
      />
      <p>
        meow
      </p>
      <button
        data-testid="modal-close-button"
        type="button"
      >
        Close this modal
      </button>
    </div>
  </div>
</DocumentFragment>
`;
